I'm sorry, but errors were detected in your script. Please correct the
errors listed below, and try again.


File "game/script.rpy", line 780: expected statement.
    'In his {b}real{/b} thoughts, [name] couldn\'t say a word.'}
                                                               ^

Ren'Py Version: Ren'Py 7.4.4.1439
Sun Apr 11 20:46:21 2021
